// Jest Snapshot v1, https://goo.gl/fbAQLP

exports[`readReport reads bfwb62 1`] = `
Object {
  "MatrixName": "bfwb62",
  "MpiSize": 1,
  "NumberOfCols": 62,
  "NumberOfNonZeros": 202,
  "NumberOfRows": 62,
  "OmpNumThreads": 0,
  "Ordering": "metis",
  "Platform": "laclib",
  "SolverKind": "mumps",
  "Stats": Object {
    "ElapsedTimeNanoseconds": 5013,
    "ElapsedTimeString": "5.013µs",
    "NormInfA": 0.0001,
    "NormInfAx": 1,
    "NormInfDiff": 6.66133814775094e-16,
    "RelativeError": 6.66067208054288e-16,
  },
  "StepAnalyze": Object {
    "ElapsedTimeNanoseconds": 1657060,
    "ElapsedTimeString": "1.65706ms",
    "MemoryBytes": 333520896,
    "MemoryMiB": "318",
  },
  "StepFactorize": Object {
    "ElapsedTimeNanoseconds": 1239142,
    "ElapsedTimeString": "1.23914ms",
    "MemoryBytes": 15366787072,
    "MemoryMiB": "14,654",
  },
  "StepReadMatrix": Object {
    "ElapsedTimeNanoseconds": 293547,
    "ElapsedTimeString": "293.547µs",
    "MemoryBytes": 333340672,
    "MemoryMiB": "317",
  },
  "StepSolve": Object {
    "ElapsedTimeNanoseconds": 737954,
    "ElapsedTimeString": "737.954µs",
    "MemoryBytes": 15366787072,
    "MemoryMiB": "14,654",
  },
  "Symmetric": true,
  "TimeSolverNanoseconds": 3136812,
  "TimeSolverString": "3.13681ms",
}
`;
